[core] [info] loading plugin '/work/build/lib/hal_plugins/hgl_parser.so'...
[gate_library_parser] [info] registered gate library parser 'Default HGL Parser' for file extension '.hgl'.
[core] [info] loading plugin '/work/build/lib/hal_plugins/bitorder_propagation.so'...
[core] [info] loading plugin '/work/build/lib/hal_plugins/graph_algorithm.so'...
[core] [info] loading plugin '/work/build/lib/hal_plugins/hgl_writer.so'...
[gate_library_writer] [info] registered gate library writer 'Default HGL Writer' for file extension '.hgl'.
[core] [info] loading plugin '/work/build/lib/hal_plugins/z3_utils.so'...
[core] [info] loading plugin '/work/build/lib/hal_plugins/verilator.so'...
[core] [info] loading plugin '/work/build/lib/hal_plugins/verilog_writer.so'...
[netlist_writer] [info] registered netlist writer 'Default Verilog Writer' for file extension '.v'.
[core] [info] loading plugin '/work/build/lib/hal_plugins/clock_tree_extractor.so'...
[core] [info] loading plugin '/work/build/lib/hal_plugins/vhdl_parser.so'...
[netlist_parser] [info] registered netlist parser 'Default VHDL Parser' for file type '.vhd'
[netlist_parser] [info] registered netlist parser 'Default VHDL Parser' for file type '.vhdl'
[core] [info] loading plugin '/work/build/lib/hal_plugins/dataflow.so'...
[core] [info] loading plugin '/work/build/lib/hal_plugins/liberty_parser.so'...
[gate_library_parser] [info] registered gate library parser 'Default Liberty Parser' for file extension '.lib'.
[core] [info] loading plugin '/work/build/lib/hal_plugins/verilog_writer.so'...
[core] [info] loading plugin '/work/build/lib/hal_plugins/module_identification.so'...
[core] [info] loading plugin '/work/build/lib/hal_plugins/boolean_influence.so'...
[core] [info] loading plugin '/work/build/lib/hal_plugins/gexf_writer.so'...
[netlist_writer] [info] registered netlist writer 'Default GEXF Writer' for file extension '.gexf'.
[core] [info] loading plugin '/work/build/lib/hal_plugins/verilog_parser.so'...
[netlist_parser] [info] registered netlist parser 'Default Verilog Parser' for file type '.v'
[core] [info] loading plugin '/work/build/lib/hal_plugins/netlist_preprocessing.so'...
[core] [info] loading plugin '/work/build/lib/hal_plugins/resynthesis.so'...
[core] [info] loading plugin '/work/build/lib/hal_plugins/genlib_writer.so'...
[gate_library_writer] [info] registered gate library writer 'Default Genlib Writer' for file extension '.genlib'.
[core] [info] loading plugin '/work/build/lib/hal_plugins/netlist_simulator.so'...
[core] [info] loading plugin '/work/build/lib/hal_plugins/netlist_simulator_controller.so'...
[core] [info] loading plugin '/work/build/lib/hal_plugins/sequential_symbolic_execution.so'...
[core] [info] loading plugin '/work/build/lib/hal_plugins/solve_fsm.so'...
[core] [info] loading plugin '/work/build/lib/hal_plugins/boolean_influence.so'...
[core] [info] loading plugin '/work/build/lib/hal_plugins/python_shell.so'...
[core] [info] loading plugin '/work/build/lib/hal_plugins/netlist_simulator_controller.so'...
[core] [info] loading plugin '/work/build/lib/hal_plugins/example_analysis.so'...
[core] [info] loading plugin '/work/build/lib/hal_plugins/resynthesis.so'...
[core] [info] loading plugin '/work/build/lib/hal_plugins/libtest_plugin.so'...
[core] [info] loading plugin '/work/build/lib/hal_plugins/hawkeye.so'...
[core] [info] loading plugin '/work/build/lib/hal_plugins/xilinx_toolbox.so'...
[core] [info] loading plugin '/work/build/lib/hal_plugins/perf_test.so'...
[core] [info] loading plugin '/work/build/lib/hal_plugins/genlib_writer.so'...
[core] [info] executing 'python_shell' with
[core] [info]   '--python-script': /work/tools/hal_fsm/run_in_hal.py
[09.09.2026 17:20:16] [core] [info] loading plugin '/work/build/lib/hal_plugins/hgl_parser.so'...
[09.09.2026 17:20:16] [core] [info] loading plugin '/work/build/lib/hal_plugins/bitorder_propagation.so'...
[09.09.2026 17:20:16] [core] [info] loading plugin '/work/build/lib/hal_plugins/graph_algorithm.so'...
[09.09.2026 17:20:16] [core] [info] loading plugin '/work/build/lib/hal_plugins/hgl_writer.so'...
[09.09.2026 17:20:16] [core] [info] loading plugin '/work/build/lib/hal_plugins/z3_utils.so'...
[09.09.2026 17:20:16] [core] [info] loading plugin '/work/build/lib/hal_plugins/verilator.so'...
[09.09.2026 17:20:16] [core] [info] loading plugin '/work/build/lib/hal_plugins/clock_tree_extractor.so'...
[09.09.2026 17:20:16] [core] [info] loading plugin '/work/build/lib/hal_plugins/vhdl_parser.so'...
[09.09.2026 17:20:16] [core] [info] loading plugin '/work/build/lib/hal_plugins/dataflow.so'...
[09.09.2026 17:20:16] [core] [info] loading plugin '/work/build/lib/hal_plugins/liberty_parser.so'...
[09.09.2026 17:20:16] [core] [info] loading plugin '/work/build/lib/hal_plugins/verilog_writer.so'...
[09.09.2026 17:20:16] [core] [info] loading plugin '/work/build/lib/hal_plugins/module_identification.so'...
[09.09.2026 17:20:16] [core] [info] loading plugin '/work/build/lib/hal_plugins/gexf_writer.so'...
[09.09.2026 17:20:16] [core] [info] loading plugin '/work/build/lib/hal_plugins/verilog_parser.so'...
[09.09.2026 17:20:16] [core] [info] loading plugin '/work/build/lib/hal_plugins/netlist_preprocessing.so'...
[09.09.2026 17:20:16] [core] [info] loading plugin '/work/build/lib/hal_plugins/netlist_simulator.so'...
[09.09.2026 17:20:16] [core] [info] loading plugin '/work/build/lib/hal_plugins/sequential_symbolic_execution.so'...
[09.09.2026 17:20:16] [core] [info] loading plugin '/work/build/lib/hal_plugins/solve_fsm.so'...
[09.09.2026 17:20:16] [core] [info] loading plugin '/work/build/lib/hal_plugins/boolean_influence.so'...
[09.09.2026 17:20:16] [core] [info] loading plugin '/work/build/lib/hal_plugins/python_shell.so'...
[09.09.2026 17:20:16] [core] [info] loading plugin '/work/build/lib/hal_plugins/netlist_simulator_controller.so'...
[09.09.2026 17:20:16] [core] [info] loading plugin '/work/build/lib/hal_plugins/example_analysis.so'...
[09.09.2026 17:20:16] [core] [info] loading plugin '/work/build/lib/hal_plugins/resynthesis.so'...
[09.09.2026 17:20:16] [core] [info] loading plugin '/work/build/lib/hal_plugins/libtest_plugin.so'...
[09.09.2026 17:20:16] [core] [info] loading plugin '/work/build/lib/hal_plugins/hawkeye.so'...
[09.09.2026 17:20:16] [core] [info] loading plugin '/work/build/lib/hal_plugins/xilinx_toolbox.so'...
[09.09.2026 17:20:16] [core] [info] loading plugin '/work/build/lib/hal_plugins/perf_test.so'...
[09.09.2026 17:20:16] [core] [info] loading plugin '/work/build/lib/hal_plugins/genlib_writer.so'...
[09.09.2026 17:20:16] [gate_library_parser] [info] selected gate library parser 'Default HGL Parser'.
[09.09.2026 17:20:16] [gate_library_parser] [info] parsed gate library 'AGILEX_TENNM' from file '/work/plugins/gate_libraries/definitions/AGILEX_TENNM.hgl' in 0.00 seconds.
[09.09.2026 17:20:16] [netlist_parser] [info] selected parser: Default Verilog Parser
[09.09.2026 17:20:16] [netlist_parser] [info] parsing '/work/examples/agilex3_walkthroughs/05_lfsr_prng/netlist.hal.v'...
[09.09.2026 17:20:16] [netlist_parser] [info] finished parsing in 0.01 seconds.
[09.09.2026 17:20:16] [netlist_parser] [info] instantiating '/work/examples/agilex3_walkthroughs/05_lfsr_prng/netlist.hal.v' with gate library 'AGILEX_TENNM'...
[09.09.2026 17:20:16] [netlist] [warning] [/work/src/netlist/netlist.cpp:906] failed to load locations of 35 gates.
[09.09.2026 17:20:16] [netlist_parser] [info] instantiated '/work/examples/agilex3_walkthroughs/05_lfsr_prng/netlist.hal.v' in 0.01 seconds.
[09.09.2026 17:20:16] [dataflow] [info] pre-processing netlist...
[09.09.2026 17:20:16] [dataflow] [info] identifying target gates
[09.09.2026 17:20:16] [dataflow] [info]   #gates: 35
[09.09.2026 17:20:16] [dataflow] [info]   #target gates: 16
[09.09.2026 17:20:16] [dataflow] [info] identifying control signals
[09.09.2026 17:20:16] [dataflow] [info]   done after 0.00s
[09.09.2026 17:20:16] [dataflow] [info] identifying successors and predecessors of sequential gates...
[09.09.2026 17:20:16] [dataflow] [info] identifying successors and predecessors of sequential gates took 0.00s
[09.09.2026 17:20:16] [dataflow] [info] pre-processing took 0.00s
[09.09.2026 17:20:16] [dataflow] [info] iteration 0
[09.09.2026 17:20:16] [dataflow] [info] starting pipeline with 16 threads
[09.09.2026 17:20:16] [dataflow] [info] start processing layer 0
[09.09.2026 17:20:16] [dataflow] [info]   finished in 0.00s, processed 7 passes, filtering results...
[09.09.2026 17:20:16] [dataflow] [info]   filtered results in 0.00s, got 4 new unique results
[09.09.2026 17:20:16] [dataflow] [info]   total: 4 unique states
[09.09.2026 17:20:16] [dataflow] [info] start processing layer 1
[09.09.2026 17:20:16] [dataflow] [info]   finished in 0.00s, processed 36 passes, filtering results...
[09.09.2026 17:20:16] [dataflow] [info]   filtered results in 0.00s, got 4 new unique results
[09.09.2026 17:20:16] [dataflow] [info]   total: 8 unique states
[09.09.2026 17:20:16] [dataflow] [info] got 26 voting groups
[09.09.2026 17:20:16] [dataflow] [info] majority voting took 0.00s
[09.09.2026 17:20:16] [dataflow] [info] iteration 1
[09.09.2026 17:20:16] [dataflow] [info] starting pipeline with 16 threads
[09.09.2026 17:20:16] [dataflow] [info] start processing layer 0
[09.09.2026 17:20:16] [dataflow] [info]   finished in 0.00s, processed 7 passes, filtering results...
[09.09.2026 17:20:16] [dataflow] [info]   filtered results in 0.00s, got 1 new unique results
[09.09.2026 17:20:16] [dataflow] [info]   total: 1 unique states
[09.09.2026 17:20:16] [dataflow] [info] start processing layer 1
[09.09.2026 17:20:16] [dataflow] [info]   finished in 0.00s, processed 9 passes, filtering results...
[09.09.2026 17:20:16] [dataflow] [info]   filtered results in 0.00s, got 0 new unique results
[09.09.2026 17:20:16] [dataflow] [info]   total: 1 unique states
[09.09.2026 17:20:16] [dataflow] [info] got 1 voting groups
[09.09.2026 17:20:16] [dataflow] [info] majority voting took 0.00s
[09.09.2026 17:20:16] [dataflow] [info] result does not improve anymore
[09.09.2026 17:20:16] [dataflow] [info] voting done
[09.09.2026 17:20:16] [dataflow] [info] got final result
[09.09.2026 17:20:16] [dataflow] [info] dataflow processing finished in 0.01s
