== 1. coverage inventory (no HAL needed)
== 2. module hierarchy
[stdout] [warning] [/work/src/utilities/log.cpp:80] log channel 'core' was not registered so far, creating default channel.
[core] [info] loading plugin '/work/build/lib/hal_plugins/hgl_parser.so'...
[stdout] [warning] [/work/src/utilities/log.cpp:80] log channel 'gate_library_parser' was not registered so far, creating default channel.
[gate_library_parser] [info] registered gate library parser 'Default HGL Parser' for file extension '.hgl'.
[core] [info] loading plugin '/work/build/lib/hal_plugins/bitorder_propagation.so'...
[core] [info] loading plugin '/work/build/lib/hal_plugins/graph_algorithm.so'...
[core] [info] loading plugin '/work/build/lib/hal_plugins/hgl_writer.so'...
[stdout] [warning] [/work/src/utilities/log.cpp:80] log channel 'gate_library_writer' was not registered so far, creating default channel.
[gate_library_writer] [info] registered gate library writer 'Default HGL Writer' for file extension '.hgl'.
[core] [info] loading plugin '/work/build/lib/hal_plugins/z3_utils.so'...
[core] [info] loading plugin '/work/build/lib/hal_plugins/verilator.so'...
[core] [info] loading plugin '/work/build/lib/hal_plugins/verilog_writer.so'...
[stdout] [warning] [/work/src/utilities/log.cpp:80] log channel 'netlist_writer' was not registered so far, creating default channel.
[netlist_writer] [info] registered netlist writer 'Default Verilog Writer' for file extension '.v'.
[core] [info] loading plugin '/work/build/lib/hal_plugins/clock_tree_extractor.so'...
[core] [info] loading plugin '/work/build/lib/hal_plugins/vhdl_parser.so'...
[stdout] [warning] [/work/src/utilities/log.cpp:80] log channel 'netlist_parser' was not registered so far, creating default channel.
[netlist_parser] [info] registered netlist parser 'Default VHDL Parser' for file type '.vhd'
[netlist_parser] [info] registered netlist parser 'Default VHDL Parser' for file type '.vhdl'
[core] [info] loading plugin '/work/build/lib/hal_plugins/dataflow.so'...
[core] [info] loading plugin '/work/build/lib/hal_plugins/liberty_parser.so'...
[gate_library_parser] [info] registered gate library parser 'Default Liberty Parser' for file extension '.lib'.
[core] [info] loading plugin '/work/build/lib/hal_plugins/verilog_writer.so'...
[core] [info] loading plugin '/work/build/lib/hal_plugins/module_identification.so'...
[core] [info] loading plugin '/work/build/lib/hal_plugins/boolean_influence.so'...
[core] [info] loading plugin '/work/build/lib/hal_plugins/gexf_writer.so'...
[netlist_writer] [info] registered netlist writer 'Default GEXF Writer' for file extension '.gexf'.
[core] [info] loading plugin '/work/build/lib/hal_plugins/verilog_parser.so'...
[netlist_parser] [info] registered netlist parser 'Default Verilog Parser' for file type '.v'
[core] [info] loading plugin '/work/build/lib/hal_plugins/netlist_preprocessing.so'...
[core] [info] loading plugin '/work/build/lib/hal_plugins/resynthesis.so'...
[core] [info] loading plugin '/work/build/lib/hal_plugins/genlib_writer.so'...
[gate_library_writer] [info] registered gate library writer 'Default Genlib Writer' for file extension '.genlib'.
[core] [info] loading plugin '/work/build/lib/hal_plugins/netlist_simulator.so'...
[core] [info] loading plugin '/work/build/lib/hal_plugins/netlist_simulator_controller.so'...
[core] [info] loading plugin '/work/build/lib/hal_plugins/sequential_symbolic_execution.so'...
[core] [info] loading plugin '/work/build/lib/hal_plugins/solve_fsm.so'...
[core] [info] loading plugin '/work/build/lib/hal_plugins/boolean_influence.so'...
[core] [info] loading plugin '/work/build/lib/hal_plugins/python_shell.so'...
[core] [info] loading plugin '/work/build/lib/hal_plugins/netlist_simulator_controller.so'...
[core] [info] loading plugin '/work/build/lib/hal_plugins/example_analysis.so'...
[core] [info] loading plugin '/work/build/lib/hal_plugins/resynthesis.so'...
[core] [info] loading plugin '/work/build/lib/hal_plugins/libtest_plugin.so'...
[core] [info] loading plugin '/work/build/lib/hal_plugins/hawkeye.so'...
[core] [info] loading plugin '/work/build/lib/hal_plugins/xilinx_toolbox.so'...
[core] [info] loading plugin '/work/build/lib/hal_plugins/perf_test.so'...
[core] [info] loading plugin '/work/build/lib/hal_plugins/genlib_writer.so'...
[gate_library_parser] [info] selected gate library parser 'Default HGL Parser'.
[gate_library_parser] [info] parsed gate library 'AGILEX_TENNM' from file '/work/plugins/gate_libraries/definitions/AGILEX_TENNM.hgl' in 0.00 seconds.
[netlist_parser] [info] selected parser: Default Verilog Parser
[netlist_parser] [info] parsing '/work/examples/agilex3_walkthroughs/05_lfsr_prng/netlist.hal.v'...
[netlist_parser] [info] finished parsing in 0.01 seconds.
[netlist_parser] [info] instantiating '/work/examples/agilex3_walkthroughs/05_lfsr_prng/netlist.hal.v' with gate library 'AGILEX_TENNM'...
[stdout] [warning] [/work/src/utilities/log.cpp:80] log channel 'gate' was not registered so far, creating default channel.
[stdout] [warning] [/work/src/utilities/log.cpp:80] log channel 'netlist' was not registered so far, creating default channel.
[netlist] [warning] [/work/src/netlist/netlist.cpp:906] failed to load locations of 35 gates.
[netlist_parser] [info] instantiated '/work/examples/agilex3_walkthroughs/05_lfsr_prng/netlist.hal.v' in 0.01 seconds.
/work/examples/agilex3_walkthroughs/05_lfsr_prng/images/module_tree.dot
/work/examples/agilex3_walkthroughs/05_lfsr_prng/images/module_tree.svg
== 3. the whole gate-level graph (33 gates -- it fits on one page)
[stdout] [warning] [/work/src/utilities/log.cpp:80] log channel 'core' was not registered so far, creating default channel.
[core] [info] loading plugin '/work/build/lib/hal_plugins/hgl_parser.so'...
[stdout] [warning] [/work/src/utilities/log.cpp:80] log channel 'gate_library_parser' was not registered so far, creating default channel.
[gate_library_parser] [info] registered gate library parser 'Default HGL Parser' for file extension '.hgl'.
[core] [info] loading plugin '/work/build/lib/hal_plugins/bitorder_propagation.so'...
[core] [info] loading plugin '/work/build/lib/hal_plugins/graph_algorithm.so'...
[core] [info] loading plugin '/work/build/lib/hal_plugins/hgl_writer.so'...
[stdout] [warning] [/work/src/utilities/log.cpp:80] log channel 'gate_library_writer' was not registered so far, creating default channel.
[gate_library_writer] [info] registered gate library writer 'Default HGL Writer' for file extension '.hgl'.
[core] [info] loading plugin '/work/build/lib/hal_plugins/z3_utils.so'...
[core] [info] loading plugin '/work/build/lib/hal_plugins/verilator.so'...
[core] [info] loading plugin '/work/build/lib/hal_plugins/verilog_writer.so'...
[stdout] [warning] [/work/src/utilities/log.cpp:80] log channel 'netlist_writer' was not registered so far, creating default channel.
[netlist_writer] [info] registered netlist writer 'Default Verilog Writer' for file extension '.v'.
[core] [info] loading plugin '/work/build/lib/hal_plugins/clock_tree_extractor.so'...
[core] [info] loading plugin '/work/build/lib/hal_plugins/vhdl_parser.so'...
[stdout] [warning] [/work/src/utilities/log.cpp:80] log channel 'netlist_parser' was not registered so far, creating default channel.
[netlist_parser] [info] registered netlist parser 'Default VHDL Parser' for file type '.vhd'
[netlist_parser] [info] registered netlist parser 'Default VHDL Parser' for file type '.vhdl'
[core] [info] loading plugin '/work/build/lib/hal_plugins/dataflow.so'...
[core] [info] loading plugin '/work/build/lib/hal_plugins/liberty_parser.so'...
[gate_library_parser] [info] registered gate library parser 'Default Liberty Parser' for file extension '.lib'.
[core] [info] loading plugin '/work/build/lib/hal_plugins/verilog_writer.so'...
[core] [info] loading plugin '/work/build/lib/hal_plugins/module_identification.so'...
[core] [info] loading plugin '/work/build/lib/hal_plugins/boolean_influence.so'...
[core] [info] loading plugin '/work/build/lib/hal_plugins/gexf_writer.so'...
[netlist_writer] [info] registered netlist writer 'Default GEXF Writer' for file extension '.gexf'.
[core] [info] loading plugin '/work/build/lib/hal_plugins/verilog_parser.so'...
[netlist_parser] [info] registered netlist parser 'Default Verilog Parser' for file type '.v'
[core] [info] loading plugin '/work/build/lib/hal_plugins/netlist_preprocessing.so'...
[core] [info] loading plugin '/work/build/lib/hal_plugins/resynthesis.so'...
[core] [info] loading plugin '/work/build/lib/hal_plugins/genlib_writer.so'...
[gate_library_writer] [info] registered gate library writer 'Default Genlib Writer' for file extension '.genlib'.
[core] [info] loading plugin '/work/build/lib/hal_plugins/netlist_simulator.so'...
[core] [info] loading plugin '/work/build/lib/hal_plugins/netlist_simulator_controller.so'...
[core] [info] loading plugin '/work/build/lib/hal_plugins/sequential_symbolic_execution.so'...
[core] [info] loading plugin '/work/build/lib/hal_plugins/solve_fsm.so'...
[core] [info] loading plugin '/work/build/lib/hal_plugins/boolean_influence.so'...
[core] [info] loading plugin '/work/build/lib/hal_plugins/python_shell.so'...
[core] [info] loading plugin '/work/build/lib/hal_plugins/netlist_simulator_controller.so'...
[core] [info] loading plugin '/work/build/lib/hal_plugins/example_analysis.so'...
[core] [info] loading plugin '/work/build/lib/hal_plugins/resynthesis.so'...
[core] [info] loading plugin '/work/build/lib/hal_plugins/libtest_plugin.so'...
[core] [info] loading plugin '/work/build/lib/hal_plugins/hawkeye.so'...
[core] [info] loading plugin '/work/build/lib/hal_plugins/xilinx_toolbox.so'...
[core] [info] loading plugin '/work/build/lib/hal_plugins/perf_test.so'...
[core] [info] loading plugin '/work/build/lib/hal_plugins/genlib_writer.so'...
[gate_library_parser] [info] selected gate library parser 'Default HGL Parser'.
[gate_library_parser] [info] parsed gate library 'AGILEX_TENNM' from file '/work/plugins/gate_libraries/definitions/AGILEX_TENNM.hgl' in 0.00 seconds.
[netlist_parser] [info] selected parser: Default Verilog Parser
[netlist_parser] [info] parsing '/work/examples/agilex3_walkthroughs/05_lfsr_prng/netlist.hal.v'...
[netlist_parser] [info] finished parsing in 0.01 seconds.
[netlist_parser] [info] instantiating '/work/examples/agilex3_walkthroughs/05_lfsr_prng/netlist.hal.v' with gate library 'AGILEX_TENNM'...
[stdout] [warning] [/work/src/utilities/log.cpp:80] log channel 'gate' was not registered so far, creating default channel.
[stdout] [warning] [/work/src/utilities/log.cpp:80] log channel 'netlist' was not registered so far, creating default channel.
[netlist] [warning] [/work/src/netlist/netlist.cpp:906] failed to load locations of 35 gates.
[netlist_parser] [info] instantiated '/work/examples/agilex3_walkthroughs/05_lfsr_prng/netlist.hal.v' in 0.01 seconds.
/work/examples/agilex3_walkthroughs/05_lfsr_prng/images/netlist_graph.dot
/work/examples/agilex3_walkthroughs/05_lfsr_prng/images/netlist_graph.svg
== 4. the cone around the only wide combinational cell
[stdout] [warning] [/work/src/utilities/log.cpp:80] log channel 'core' was not registered so far, creating default channel.
[core] [info] loading plugin '/work/build/lib/hal_plugins/hgl_parser.so'...
[stdout] [warning] [/work/src/utilities/log.cpp:80] log channel 'gate_library_parser' was not registered so far, creating default channel.
[gate_library_parser] [info] registered gate library parser 'Default HGL Parser' for file extension '.hgl'.
[core] [info] loading plugin '/work/build/lib/hal_plugins/bitorder_propagation.so'...
[core] [info] loading plugin '/work/build/lib/hal_plugins/graph_algorithm.so'...
[core] [info] loading plugin '/work/build/lib/hal_plugins/hgl_writer.so'...
[stdout] [warning] [/work/src/utilities/log.cpp:80] log channel 'gate_library_writer' was not registered so far, creating default channel.
[gate_library_writer] [info] registered gate library writer 'Default HGL Writer' for file extension '.hgl'.
[core] [info] loading plugin '/work/build/lib/hal_plugins/z3_utils.so'...
[core] [info] loading plugin '/work/build/lib/hal_plugins/verilator.so'...
[core] [info] loading plugin '/work/build/lib/hal_plugins/verilog_writer.so'...
[stdout] [warning] [/work/src/utilities/log.cpp:80] log channel 'netlist_writer' was not registered so far, creating default channel.
[netlist_writer] [info] registered netlist writer 'Default Verilog Writer' for file extension '.v'.
[core] [info] loading plugin '/work/build/lib/hal_plugins/clock_tree_extractor.so'...
[core] [info] loading plugin '/work/build/lib/hal_plugins/vhdl_parser.so'...
[stdout] [warning] [/work/src/utilities/log.cpp:80] log channel 'netlist_parser' was not registered so far, creating default channel.
[netlist_parser] [info] registered netlist parser 'Default VHDL Parser' for file type '.vhd'
[netlist_parser] [info] registered netlist parser 'Default VHDL Parser' for file type '.vhdl'
[core] [info] loading plugin '/work/build/lib/hal_plugins/dataflow.so'...
[core] [info] loading plugin '/work/build/lib/hal_plugins/liberty_parser.so'...
[gate_library_parser] [info] registered gate library parser 'Default Liberty Parser' for file extension '.lib'.
[core] [info] loading plugin '/work/build/lib/hal_plugins/verilog_writer.so'...
[core] [info] loading plugin '/work/build/lib/hal_plugins/module_identification.so'...
[core] [info] loading plugin '/work/build/lib/hal_plugins/boolean_influence.so'...
[core] [info] loading plugin '/work/build/lib/hal_plugins/gexf_writer.so'...
[netlist_writer] [info] registered netlist writer 'Default GEXF Writer' for file extension '.gexf'.
[core] [info] loading plugin '/work/build/lib/hal_plugins/verilog_parser.so'...
[netlist_parser] [info] registered netlist parser 'Default Verilog Parser' for file type '.v'
[core] [info] loading plugin '/work/build/lib/hal_plugins/netlist_preprocessing.so'...
[core] [info] loading plugin '/work/build/lib/hal_plugins/resynthesis.so'...
[core] [info] loading plugin '/work/build/lib/hal_plugins/genlib_writer.so'...
[gate_library_writer] [info] registered gate library writer 'Default Genlib Writer' for file extension '.genlib'.
[core] [info] loading plugin '/work/build/lib/hal_plugins/netlist_simulator.so'...
[core] [info] loading plugin '/work/build/lib/hal_plugins/netlist_simulator_controller.so'...
[core] [info] loading plugin '/work/build/lib/hal_plugins/sequential_symbolic_execution.so'...
[core] [info] loading plugin '/work/build/lib/hal_plugins/solve_fsm.so'...
[core] [info] loading plugin '/work/build/lib/hal_plugins/boolean_influence.so'...
[core] [info] loading plugin '/work/build/lib/hal_plugins/python_shell.so'...
[core] [info] loading plugin '/work/build/lib/hal_plugins/netlist_simulator_controller.so'...
[core] [info] loading plugin '/work/build/lib/hal_plugins/example_analysis.so'...
[core] [info] loading plugin '/work/build/lib/hal_plugins/resynthesis.so'...
[core] [info] loading plugin '/work/build/lib/hal_plugins/libtest_plugin.so'...
[core] [info] loading plugin '/work/build/lib/hal_plugins/hawkeye.so'...
[core] [info] loading plugin '/work/build/lib/hal_plugins/xilinx_toolbox.so'...
[core] [info] loading plugin '/work/build/lib/hal_plugins/perf_test.so'...
[core] [info] loading plugin '/work/build/lib/hal_plugins/genlib_writer.so'...
[gate_library_parser] [info] selected gate library parser 'Default HGL Parser'.
[gate_library_parser] [info] parsed gate library 'AGILEX_TENNM' from file '/work/plugins/gate_libraries/definitions/AGILEX_TENNM.hgl' in 0.00 seconds.
[netlist_parser] [info] selected parser: Default Verilog Parser
[netlist_parser] [info] parsing '/work/examples/agilex3_walkthroughs/05_lfsr_prng/netlist.hal.v'...
[netlist_parser] [info] finished parsing in 0.01 seconds.
[netlist_parser] [info] instantiating '/work/examples/agilex3_walkthroughs/05_lfsr_prng/netlist.hal.v' with gate library 'AGILEX_TENNM'...
[stdout] [warning] [/work/src/utilities/log.cpp:80] log channel 'gate' was not registered so far, creating default channel.
[stdout] [warning] [/work/src/utilities/log.cpp:80] log channel 'netlist' was not registered so far, creating default channel.
[netlist] [warning] [/work/src/netlist/netlist.cpp:906] failed to load locations of 35 gates.
[netlist_parser] [info] instantiated '/work/examples/agilex3_walkthroughs/05_lfsr_prng/netlist.hal.v' in 0.01 seconds.
/work/examples/agilex3_walkthroughs/05_lfsr_prng/images/feedback_cone.dot
/work/examples/agilex3_walkthroughs/05_lfsr_prng/images/feedback_cone.svg
== 5. DANA register grouping
[stdout] [warning] [/work/src/utilities/log.cpp:80] log channel 'core' was not registered so far, creating default channel.
[core] [info] loading plugin '/work/build/lib/hal_plugins/hgl_parser.so'...
[stdout] [warning] [/work/src/utilities/log.cpp:80] log channel 'gate_library_parser' was not registered so far, creating default channel.
[gate_library_parser] [info] registered gate library parser 'Default HGL Parser' for file extension '.hgl'.
[core] [info] loading plugin '/work/build/lib/hal_plugins/bitorder_propagation.so'...
[core] [info] loading plugin '/work/build/lib/hal_plugins/graph_algorithm.so'...
[core] [info] loading plugin '/work/build/lib/hal_plugins/hgl_writer.so'...
[stdout] [warning] [/work/src/utilities/log.cpp:80] log channel 'gate_library_writer' was not registered so far, creating default channel.
[gate_library_writer] [info] registered gate library writer 'Default HGL Writer' for file extension '.hgl'.
[core] [info] loading plugin '/work/build/lib/hal_plugins/z3_utils.so'...
[core] [info] loading plugin '/work/build/lib/hal_plugins/verilator.so'...
[core] [info] loading plugin '/work/build/lib/hal_plugins/verilog_writer.so'...
[stdout] [warning] [/work/src/utilities/log.cpp:80] log channel 'netlist_writer' was not registered so far, creating default channel.
[netlist_writer] [info] registered netlist writer 'Default Verilog Writer' for file extension '.v'.
[core] [info] loading plugin '/work/build/lib/hal_plugins/clock_tree_extractor.so'...
[core] [info] loading plugin '/work/build/lib/hal_plugins/vhdl_parser.so'...
[stdout] [warning] [/work/src/utilities/log.cpp:80] log channel 'netlist_parser' was not registered so far, creating default channel.
[netlist_parser] [info] registered netlist parser 'Default VHDL Parser' for file type '.vhd'
[netlist_parser] [info] registered netlist parser 'Default VHDL Parser' for file type '.vhdl'
[core] [info] loading plugin '/work/build/lib/hal_plugins/dataflow.so'...
[core] [info] loading plugin '/work/build/lib/hal_plugins/liberty_parser.so'...
[gate_library_parser] [info] registered gate library parser 'Default Liberty Parser' for file extension '.lib'.
[core] [info] loading plugin '/work/build/lib/hal_plugins/verilog_writer.so'...
[core] [info] loading plugin '/work/build/lib/hal_plugins/module_identification.so'...
[core] [info] loading plugin '/work/build/lib/hal_plugins/boolean_influence.so'...
[core] [info] loading plugin '/work/build/lib/hal_plugins/gexf_writer.so'...
[netlist_writer] [info] registered netlist writer 'Default GEXF Writer' for file extension '.gexf'.
[core] [info] loading plugin '/work/build/lib/hal_plugins/verilog_parser.so'...
[netlist_parser] [info] registered netlist parser 'Default Verilog Parser' for file type '.v'
[core] [info] loading plugin '/work/build/lib/hal_plugins/netlist_preprocessing.so'...
[core] [info] loading plugin '/work/build/lib/hal_plugins/resynthesis.so'...
[core] [info] loading plugin '/work/build/lib/hal_plugins/genlib_writer.so'...
[gate_library_writer] [info] registered gate library writer 'Default Genlib Writer' for file extension '.genlib'.
[core] [info] loading plugin '/work/build/lib/hal_plugins/netlist_simulator.so'...
[core] [info] loading plugin '/work/build/lib/hal_plugins/netlist_simulator_controller.so'...
[core] [info] loading plugin '/work/build/lib/hal_plugins/sequential_symbolic_execution.so'...
[core] [info] loading plugin '/work/build/lib/hal_plugins/solve_fsm.so'...
[core] [info] loading plugin '/work/build/lib/hal_plugins/boolean_influence.so'...
[core] [info] loading plugin '/work/build/lib/hal_plugins/python_shell.so'...
[core] [info] loading plugin '/work/build/lib/hal_plugins/netlist_simulator_controller.so'...
[core] [info] loading plugin '/work/build/lib/hal_plugins/example_analysis.so'...
[core] [info] loading plugin '/work/build/lib/hal_plugins/resynthesis.so'...
[core] [info] loading plugin '/work/build/lib/hal_plugins/libtest_plugin.so'...
[core] [info] loading plugin '/work/build/lib/hal_plugins/hawkeye.so'...
[core] [info] loading plugin '/work/build/lib/hal_plugins/xilinx_toolbox.so'...
[core] [info] loading plugin '/work/build/lib/hal_plugins/perf_test.so'...
[core] [info] loading plugin '/work/build/lib/hal_plugins/genlib_writer.so'...
[gate_library_parser] [info] selected gate library parser 'Default HGL Parser'.
[gate_library_parser] [info] parsed gate library 'AGILEX_TENNM' from file '/work/plugins/gate_libraries/definitions/AGILEX_TENNM.hgl' in 0.00 seconds.
[netlist_parser] [info] selected parser: Default Verilog Parser
[netlist_parser] [info] parsing '/work/examples/agilex3_walkthroughs/05_lfsr_prng/netlist.hal.v'...
[netlist_parser] [info] finished parsing in 0.01 seconds.
[netlist_parser] [info] instantiating '/work/examples/agilex3_walkthroughs/05_lfsr_prng/netlist.hal.v' with gate library 'AGILEX_TENNM'...
[stdout] [warning] [/work/src/utilities/log.cpp:80] log channel 'gate' was not registered so far, creating default channel.
[stdout] [warning] [/work/src/utilities/log.cpp:80] log channel 'netlist' was not registered so far, creating default channel.
[netlist] [warning] [/work/src/netlist/netlist.cpp:906] failed to load locations of 35 gates.
[netlist_parser] [info] instantiated '/work/examples/agilex3_walkthroughs/05_lfsr_prng/netlist.hal.v' in 0.01 seconds.
[dataflow] [info] pre-processing netlist...
[dataflow] [info] identifying target gates
[dataflow] [info]   #gates: 35
[dataflow] [info]   #target gates: 16
[dataflow] [info] identifying control signals
[dataflow] [info]   done after 0.00s
[dataflow] [info] identifying successors and predecessors of sequential gates...
[dataflow] [info] identifying successors and predecessors of sequential gates took 0.00s
[dataflow] [info] pre-processing took 0.01s
[dataflow] [info] iteration 0
[dataflow] [info] starting pipeline with 16 threads
[dataflow] [info] start processing layer 0
[dataflow] [info]   finished in 0.00s, processed 7 passes, filtering results...
[dataflow] [info]   filtered results in 0.00s, got 4 new unique results
[dataflow] [info]   total: 4 unique states
[dataflow] [info] start processing layer 1
[dataflow] [info]   finished in 0.00s, processed 36 passes, filtering results...
[dataflow] [info]   filtered results in 0.00s, got 4 new unique results
[dataflow] [info]   total: 8 unique states
[dataflow] [info] got 26 voting groups
[dataflow] [info] majority voting took 0.00s
[dataflow] [info] iteration 1
[dataflow] [info] starting pipeline with 16 threads
[dataflow] [info] start processing layer 0
[dataflow] [info]   finished in 0.00s, processed 7 passes, filtering results...
[dataflow] [info]   filtered results in 0.00s, got 1 new unique results
[dataflow] [info]   total: 1 unique states
[dataflow] [info] start processing layer 1
[dataflow] [info]   finished in 0.00s, processed 9 passes, filtering results...
[dataflow] [info]   filtered results in 0.00s, got 0 new unique results
[dataflow] [info]   total: 1 unique states
[dataflow] [info] got 1 voting groups
[dataflow] [info] majority voting took 0.00s
[dataflow] [info] result does not improve anymore
[dataflow] [info] voting done
[dataflow] [info] got final result
[dataflow] [info] dataflow processing finished in 0.02s
[dataflow] [info] writing dataflow graph to '/work/examples/agilex3_walkthroughs/05_lfsr_prng/images/dataflow/graph.dot' ...
[dataflow] [info] successfully written dataflow graph to '/work/examples/agilex3_walkthroughs/05_lfsr_prng/images/dataflow/graph.dot'.
[dataflow] [info] writing dataflow gate groups to '/work/examples/agilex3_walkthroughs/05_lfsr_prng/images/dataflow/groups.txt' ...
[dataflow] [info] successfully written dataflow gate groups to '/work/examples/agilex3_walkthroughs/05_lfsr_prng/images/dataflow/groups.txt'.
[core] [info] unloading plugin 'bitorder_propagation'...
[core] [info] unloading plugin 'boolean_influence'...
[core] [info] unloading plugin 'clock_tree_extractor'...
[core] [info] unloading plugin 'dataflow'...
[core] [info] unloading plugin 'example_analysis'...
[core] [info] unloading plugin 'genlib_writer'...
[gate_library_writer] [info] unregistered gate library writer 'Default Genlib Writer' for file extension '.genlib'.
[core] [info] unloading plugin 'gexf_writer'...
[netlist_writer] [info] unregistered netlist writer 'Default GEXF Writer' for file extension '.gexf'.
[core] [info] unloading plugin 'graph_algorithm'...
[core] [info] unloading plugin 'hawkeye'...
[core] [info] unloading plugin 'hgl_parser'...
[gate_library_parser] [info] unregistered gate library parser 'Default HGL Parser' for file extension '.hgl'.
[core] [info] unloading plugin 'hgl_writer'...
[gate_library_writer] [info] unregistered gate library writer 'Default HGL Writer' for file extension '.hgl'.
[core] [info] unloading plugin 'liberty_parser'...
[gate_library_parser] [info] unregistered gate library parser 'Default Liberty Parser' for file extension '.lib'.
[core] [info] unloading plugin 'libtest_plugin'...
[core] [info] unloading plugin 'module_identification'...
[core] [info] unloading plugin 'netlist_preprocessing'...
[core] [info] unloading plugin 'netlist_simulator'...
[core] [info] unloading plugin 'netlist_simulator_controller'...
[core] [info] unloading plugin 'perf_test'...
[core] [info] unloading plugin 'python_shell'...
[core] [info] unloading plugin 'resynthesis'...
[core] [info] unloading plugin 'sequential_symbolic_execution'...
[core] [info] unloading plugin 'solve_fsm'...
[core] [info] unloading plugin 'verilator'...
[core] [info] unloading plugin 'verilog_parser'...
[netlist_parser] [info] unregistered netlist parser 'Default Verilog Parser' which was registered for file type '.v'
[core] [info] unloading plugin 'verilog_writer'...
[netlist_writer] [info] unregistered netlist writer 'Default Verilog Writer' for file extension '.v'.
[core] [info] unloading plugin 'vhdl_parser'...
[netlist_parser] [info] unregistered netlist parser 'Default VHDL Parser' which was registered for file type '.vhd'
[netlist_parser] [info] unregistered netlist parser 'Default VHDL Parser' which was registered for file type '.vhdl'
[core] [info] unloading plugin 'xilinx_toolbox'...
[core] [info] unloading plugin 'z3_utils'...
[core] [info] unloaded all 28 plugins
/work/examples/agilex3_walkthroughs/05_lfsr_prng/images/dataflow/graph.dot
/work/examples/agilex3_walkthroughs/05_lfsr_prng/images/dataflow/groups.txt
/work/examples/agilex3_walkthroughs/05_lfsr_prng/images/dataflow/graph.svg
-- groups DANA reported:
State:

ID:0, Size:16, CLK: {40}, EN: {42}, R: {41}, S: {}
  Successors:   {0}
  Predecessors: {0}
state[0],  type: tennm_ff, id: 1,  RS: 
state[1],  type: tennm_ff, id: 2,  RS: 
state[2],  type: tennm_ff, id: 3,  RS: 
state[3],  type: tennm_ff, id: 4,  RS: 
state[4],  type: tennm_ff, id: 5,  RS: 
state[5],  type: tennm_ff, id: 6,  RS: 
state[6],  type: tennm_ff, id: 7,  RS: 
state[7],  type: tennm_ff, id: 8,  RS: 
state[8],  type: tennm_ff, id: 9,  RS: 
state[9],  type: tennm_ff, id: 10, RS: 
state[10], type: tennm_ff, id: 11, RS: 
state[11], type: tennm_ff, id: 12, RS: 
state[12], type: tennm_ff, id: 13, RS: 
state[13], type: tennm_ff, id: 14, RS: 
state[14], type: tennm_ff, id: 15, RS: 
state[15], type: tennm_ff, id: 16, RS: 

== 6. strongly connected components (graph_algorithm / igraph)
      24  state[14]~6                  tennm_lcell_comb
      25  state[15]~7                  tennm_lcell_comb

wrote /work/examples/agilex3_walkthroughs/05_lfsr_prng/artifacts/scc.dot
gates inside the largest SCC: 25 of 35
== 7. clock/reset domain screening
[stdout] [warning] [/work/src/utilities/log.cpp:80] log channel 'core' was not registered so far, creating default channel.
[core] [info] loading plugin '/work/build/lib/hal_plugins/hgl_parser.so'...
[stdout] [warning] [/work/src/utilities/log.cpp:80] log channel 'gate_library_parser' was not registered so far, creating default channel.
[gate_library_parser] [info] registered gate library parser 'Default HGL Parser' for file extension '.hgl'.
[core] [info] loading plugin '/work/build/lib/hal_plugins/bitorder_propagation.so'...
[core] [info] loading plugin '/work/build/lib/hal_plugins/graph_algorithm.so'...
[core] [info] loading plugin '/work/build/lib/hal_plugins/hgl_writer.so'...
[stdout] [warning] [/work/src/utilities/log.cpp:80] log channel 'gate_library_writer' was not registered so far, creating default channel.
[gate_library_writer] [info] registered gate library writer 'Default HGL Writer' for file extension '.hgl'.
[core] [info] loading plugin '/work/build/lib/hal_plugins/z3_utils.so'...
[core] [info] loading plugin '/work/build/lib/hal_plugins/verilator.so'...
[core] [info] loading plugin '/work/build/lib/hal_plugins/verilog_writer.so'...
[stdout] [warning] [/work/src/utilities/log.cpp:80] log channel 'netlist_writer' was not registered so far, creating default channel.
[netlist_writer] [info] registered netlist writer 'Default Verilog Writer' for file extension '.v'.
[core] [info] loading plugin '/work/build/lib/hal_plugins/clock_tree_extractor.so'...
[core] [info] loading plugin '/work/build/lib/hal_plugins/vhdl_parser.so'...
[stdout] [warning] [/work/src/utilities/log.cpp:80] log channel 'netlist_parser' was not registered so far, creating default channel.
[netlist_parser] [info] registered netlist parser 'Default VHDL Parser' for file type '.vhd'
[netlist_parser] [info] registered netlist parser 'Default VHDL Parser' for file type '.vhdl'
[core] [info] loading plugin '/work/build/lib/hal_plugins/dataflow.so'...
[core] [info] loading plugin '/work/build/lib/hal_plugins/liberty_parser.so'...
[gate_library_parser] [info] registered gate library parser 'Default Liberty Parser' for file extension '.lib'.
[core] [info] loading plugin '/work/build/lib/hal_plugins/verilog_writer.so'...
[core] [info] loading plugin '/work/build/lib/hal_plugins/module_identification.so'...
[core] [info] loading plugin '/work/build/lib/hal_plugins/boolean_influence.so'...
[core] [info] loading plugin '/work/build/lib/hal_plugins/gexf_writer.so'...
[netlist_writer] [info] registered netlist writer 'Default GEXF Writer' for file extension '.gexf'.
[core] [info] loading plugin '/work/build/lib/hal_plugins/verilog_parser.so'...
[netlist_parser] [info] registered netlist parser 'Default Verilog Parser' for file type '.v'
[core] [info] loading plugin '/work/build/lib/hal_plugins/netlist_preprocessing.so'...
[core] [info] loading plugin '/work/build/lib/hal_plugins/resynthesis.so'...
[core] [info] loading plugin '/work/build/lib/hal_plugins/genlib_writer.so'...
[gate_library_writer] [info] registered gate library writer 'Default Genlib Writer' for file extension '.genlib'.
[core] [info] loading plugin '/work/build/lib/hal_plugins/netlist_simulator.so'...
[core] [info] loading plugin '/work/build/lib/hal_plugins/netlist_simulator_controller.so'...
[core] [info] loading plugin '/work/build/lib/hal_plugins/sequential_symbolic_execution.so'...
[core] [info] loading plugin '/work/build/lib/hal_plugins/solve_fsm.so'...
[core] [info] loading plugin '/work/build/lib/hal_plugins/boolean_influence.so'...
[core] [info] loading plugin '/work/build/lib/hal_plugins/python_shell.so'...
[core] [info] loading plugin '/work/build/lib/hal_plugins/netlist_simulator_controller.so'...
[core] [info] loading plugin '/work/build/lib/hal_plugins/example_analysis.so'...
[core] [info] loading plugin '/work/build/lib/hal_plugins/resynthesis.so'...
[core] [info] loading plugin '/work/build/lib/hal_plugins/libtest_plugin.so'...
[core] [info] loading plugin '/work/build/lib/hal_plugins/hawkeye.so'...
[core] [info] loading plugin '/work/build/lib/hal_plugins/xilinx_toolbox.so'...
[core] [info] loading plugin '/work/build/lib/hal_plugins/perf_test.so'...
[core] [info] loading plugin '/work/build/lib/hal_plugins/genlib_writer.so'...
[gate_library_parser] [info] selected gate library parser 'Default HGL Parser'.
[gate_library_parser] [info] parsed gate library 'AGILEX_TENNM' from file '/work/plugins/gate_libraries/definitions/AGILEX_TENNM.hgl' in 0.00 seconds.
[netlist_parser] [info] selected parser: Default Verilog Parser
[netlist_parser] [info] parsing '/work/examples/agilex3_walkthroughs/05_lfsr_prng/netlist.hal.v'...
[netlist_parser] [info] finished parsing in 0.01 seconds.
[netlist_parser] [info] instantiating '/work/examples/agilex3_walkthroughs/05_lfsr_prng/netlist.hal.v' with gate library 'AGILEX_TENNM'...
[stdout] [warning] [/work/src/utilities/log.cpp:80] log channel 'gate' was not registered so far, creating default channel.
[stdout] [warning] [/work/src/utilities/log.cpp:80] log channel 'netlist' was not registered so far, creating default channel.
[netlist] [warning] [/work/src/netlist/netlist.cpp:906] failed to load locations of 35 gates.
[netlist_parser] [info] instantiated '/work/examples/agilex3_walkthroughs/05_lfsr_prng/netlist.hal.v' in 0.01 seconds.
examples/agilex3_walkthroughs/05_lfsr_prng/artifacts/cdc.declarations.json
[stdout] [warning] [/work/src/utilities/log.cpp:80] log channel 'core' was not registered so far, creating default channel.
[core] [info] loading plugin '/work/build/lib/hal_plugins/hgl_parser.so'...
[stdout] [warning] [/work/src/utilities/log.cpp:80] log channel 'gate_library_parser' was not registered so far, creating default channel.
[gate_library_parser] [info] registered gate library parser 'Default HGL Parser' for file extension '.hgl'.
[core] [info] loading plugin '/work/build/lib/hal_plugins/bitorder_propagation.so'...
[core] [info] loading plugin '/work/build/lib/hal_plugins/graph_algorithm.so'...
[core] [info] loading plugin '/work/build/lib/hal_plugins/hgl_writer.so'...
[stdout] [warning] [/work/src/utilities/log.cpp:80] log channel 'gate_library_writer' was not registered so far, creating default channel.
[gate_library_writer] [info] registered gate library writer 'Default HGL Writer' for file extension '.hgl'.
[core] [info] loading plugin '/work/build/lib/hal_plugins/z3_utils.so'...
[core] [info] loading plugin '/work/build/lib/hal_plugins/verilator.so'...
[core] [info] loading plugin '/work/build/lib/hal_plugins/verilog_writer.so'...
[stdout] [warning] [/work/src/utilities/log.cpp:80] log channel 'netlist_writer' was not registered so far, creating default channel.
[netlist_writer] [info] registered netlist writer 'Default Verilog Writer' for file extension '.v'.
[core] [info] loading plugin '/work/build/lib/hal_plugins/clock_tree_extractor.so'...
[core] [info] loading plugin '/work/build/lib/hal_plugins/vhdl_parser.so'...
[stdout] [warning] [/work/src/utilities/log.cpp:80] log channel 'netlist_parser' was not registered so far, creating default channel.
[netlist_parser] [info] registered netlist parser 'Default VHDL Parser' for file type '.vhd'
[netlist_parser] [info] registered netlist parser 'Default VHDL Parser' for file type '.vhdl'
[core] [info] loading plugin '/work/build/lib/hal_plugins/dataflow.so'...
[core] [info] loading plugin '/work/build/lib/hal_plugins/liberty_parser.so'...
[gate_library_parser] [info] registered gate library parser 'Default Liberty Parser' for file extension '.lib'.
[core] [info] loading plugin '/work/build/lib/hal_plugins/verilog_writer.so'...
[core] [info] loading plugin '/work/build/lib/hal_plugins/module_identification.so'...
[core] [info] loading plugin '/work/build/lib/hal_plugins/boolean_influence.so'...
[core] [info] loading plugin '/work/build/lib/hal_plugins/gexf_writer.so'...
[netlist_writer] [info] registered netlist writer 'Default GEXF Writer' for file extension '.gexf'.
[core] [info] loading plugin '/work/build/lib/hal_plugins/verilog_parser.so'...
[netlist_parser] [info] registered netlist parser 'Default Verilog Parser' for file type '.v'
[core] [info] loading plugin '/work/build/lib/hal_plugins/netlist_preprocessing.so'...
[core] [info] loading plugin '/work/build/lib/hal_plugins/resynthesis.so'...
[core] [info] loading plugin '/work/build/lib/hal_plugins/genlib_writer.so'...
[gate_library_writer] [info] registered gate library writer 'Default Genlib Writer' for file extension '.genlib'.
[core] [info] loading plugin '/work/build/lib/hal_plugins/netlist_simulator.so'...
[core] [info] loading plugin '/work/build/lib/hal_plugins/netlist_simulator_controller.so'...
[core] [info] loading plugin '/work/build/lib/hal_plugins/sequential_symbolic_execution.so'...
[core] [info] loading plugin '/work/build/lib/hal_plugins/solve_fsm.so'...
[core] [info] loading plugin '/work/build/lib/hal_plugins/boolean_influence.so'...
[core] [info] loading plugin '/work/build/lib/hal_plugins/python_shell.so'...
[core] [info] loading plugin '/work/build/lib/hal_plugins/netlist_simulator_controller.so'...
[core] [info] loading plugin '/work/build/lib/hal_plugins/example_analysis.so'...
[core] [info] loading plugin '/work/build/lib/hal_plugins/resynthesis.so'...
[core] [info] loading plugin '/work/build/lib/hal_plugins/libtest_plugin.so'...
[core] [info] loading plugin '/work/build/lib/hal_plugins/hawkeye.so'...
[core] [info] loading plugin '/work/build/lib/hal_plugins/xilinx_toolbox.so'...
[core] [info] loading plugin '/work/build/lib/hal_plugins/perf_test.so'...
[core] [info] loading plugin '/work/build/lib/hal_plugins/genlib_writer.so'...
[gate_library_parser] [info] selected gate library parser 'Default HGL Parser'.
[gate_library_parser] [info] parsed gate library 'AGILEX_TENNM' from file '/work/plugins/gate_libraries/definitions/AGILEX_TENNM.hgl' in 0.00 seconds.
[netlist_parser] [info] selected parser: Default Verilog Parser
[netlist_parser] [info] parsing '/work/examples/agilex3_walkthroughs/05_lfsr_prng/netlist.hal.v'...
[netlist_parser] [info] finished parsing in 0.01 seconds.
[netlist_parser] [info] instantiating '/work/examples/agilex3_walkthroughs/05_lfsr_prng/netlist.hal.v' with gate library 'AGILEX_TENNM'...
[stdout] [warning] [/work/src/utilities/log.cpp:80] log channel 'gate' was not registered so far, creating default channel.
[stdout] [warning] [/work/src/utilities/log.cpp:80] log channel 'netlist' was not registered so far, creating default channel.
[netlist] [warning] [/work/src/netlist/netlist.cpp:906] failed to load locations of 35 gates.
[netlist_parser] [info] instantiated '/work/examples/agilex3_walkthroughs/05_lfsr_prng/netlist.hal.v' in 0.01 seconds.

domains          : clk
registers        : 16 (0 with an unknown domain)
crossings        : 0
unknown inputs   : 16
reset targets    : 16
    reset_synchronizer_stage     16
NOTE: structural screening only -- no timing, no metastability sign-off.
findings: examples/agilex3_walkthroughs/05_lfsr_prng/artifacts/cdc.findings.json
domain graph: examples/agilex3_walkthroughs/05_lfsr_prng/artifacts/cdc.domains.dot
== 7b. the wrong tool, on purpose: FSM recovery over a 16-bit state
[hal_fsm] running /work/build/bin/hal --python-script /work/tools/hal_fsm/run_in_hal.py
[hal_fsm] wrote /work/examples/agilex3_walkthroughs/05_lfsr_prng/artifacts/hal_fsm/findings.json (1 heuristic, 1 unsupported)
fsm/candidate/001           heuristic  Candidate state register: 16 flip-flop(s) [state[0], state[1], state[2], state[3], state[4], state[5] ...]
fsm/coverage/uncovered-seq unsupported  Sequential gates outside every solved state register
-- hal_fsm exit: 0
== 8. the reverse-engineering result itself
[stdout] [warning] [/work/src/utilities/log.cpp:80] log channel 'core' was not registered so far, creating default channel.
[core] [info] loading plugin '/work/build/lib/hal_plugins/hgl_parser.so'...
[stdout] [warning] [/work/src/utilities/log.cpp:80] log channel 'gate_library_parser' was not registered so far, creating default channel.
[gate_library_parser] [info] registered gate library parser 'Default HGL Parser' for file extension '.hgl'.
[core] [info] loading plugin '/work/build/lib/hal_plugins/bitorder_propagation.so'...
[core] [info] loading plugin '/work/build/lib/hal_plugins/graph_algorithm.so'...
[core] [info] loading plugin '/work/build/lib/hal_plugins/hgl_writer.so'...
[stdout] [warning] [/work/src/utilities/log.cpp:80] log channel 'gate_library_writer' was not registered so far, creating default channel.
[gate_library_writer] [info] registered gate library writer 'Default HGL Writer' for file extension '.hgl'.
[core] [info] loading plugin '/work/build/lib/hal_plugins/z3_utils.so'...
[core] [info] loading plugin '/work/build/lib/hal_plugins/verilator.so'...
[core] [info] loading plugin '/work/build/lib/hal_plugins/verilog_writer.so'...
[stdout] [warning] [/work/src/utilities/log.cpp:80] log channel 'netlist_writer' was not registered so far, creating default channel.
[netlist_writer] [info] registered netlist writer 'Default Verilog Writer' for file extension '.v'.
[core] [info] loading plugin '/work/build/lib/hal_plugins/clock_tree_extractor.so'...
[core] [info] loading plugin '/work/build/lib/hal_plugins/vhdl_parser.so'...
[stdout] [warning] [/work/src/utilities/log.cpp:80] log channel 'netlist_parser' was not registered so far, creating default channel.
[netlist_parser] [info] registered netlist parser 'Default VHDL Parser' for file type '.vhd'
[netlist_parser] [info] registered netlist parser 'Default VHDL Parser' for file type '.vhdl'
[core] [info] loading plugin '/work/build/lib/hal_plugins/dataflow.so'...
[core] [info] loading plugin '/work/build/lib/hal_plugins/liberty_parser.so'...
[gate_library_parser] [info] registered gate library parser 'Default Liberty Parser' for file extension '.lib'.
[core] [info] loading plugin '/work/build/lib/hal_plugins/verilog_writer.so'...
[core] [info] loading plugin '/work/build/lib/hal_plugins/module_identification.so'...
[core] [info] loading plugin '/work/build/lib/hal_plugins/boolean_influence.so'...
[core] [info] loading plugin '/work/build/lib/hal_plugins/gexf_writer.so'...
[netlist_writer] [info] registered netlist writer 'Default GEXF Writer' for file extension '.gexf'.
[core] [info] loading plugin '/work/build/lib/hal_plugins/verilog_parser.so'...
[netlist_parser] [info] registered netlist parser 'Default Verilog Parser' for file type '.v'
[core] [info] loading plugin '/work/build/lib/hal_plugins/netlist_preprocessing.so'...
[core] [info] loading plugin '/work/build/lib/hal_plugins/resynthesis.so'...
[core] [info] loading plugin '/work/build/lib/hal_plugins/genlib_writer.so'...
[gate_library_writer] [info] registered gate library writer 'Default Genlib Writer' for file extension '.genlib'.
[core] [info] loading plugin '/work/build/lib/hal_plugins/netlist_simulator.so'...
[core] [info] loading plugin '/work/build/lib/hal_plugins/netlist_simulator_controller.so'...
[core] [info] loading plugin '/work/build/lib/hal_plugins/sequential_symbolic_execution.so'...
[core] [info] loading plugin '/work/build/lib/hal_plugins/solve_fsm.so'...
[core] [info] loading plugin '/work/build/lib/hal_plugins/boolean_influence.so'...
[core] [info] loading plugin '/work/build/lib/hal_plugins/python_shell.so'...
[core] [info] loading plugin '/work/build/lib/hal_plugins/netlist_simulator_controller.so'...
[core] [info] loading plugin '/work/build/lib/hal_plugins/example_analysis.so'...
[core] [info] loading plugin '/work/build/lib/hal_plugins/resynthesis.so'...
[core] [info] loading plugin '/work/build/lib/hal_plugins/libtest_plugin.so'...
[core] [info] loading plugin '/work/build/lib/hal_plugins/hawkeye.so'...
[core] [info] loading plugin '/work/build/lib/hal_plugins/xilinx_toolbox.so'...
[core] [info] loading plugin '/work/build/lib/hal_plugins/perf_test.so'...
[core] [info] loading plugin '/work/build/lib/hal_plugins/genlib_writer.so'...
[core] [info] loading plugin '/work/build/lib/hal_plugins/hgl_parser.so'...
[core] [info] loading plugin '/work/build/lib/hal_plugins/bitorder_propagation.so'...
[core] [info] loading plugin '/work/build/lib/hal_plugins/graph_algorithm.so'...
[core] [info] loading plugin '/work/build/lib/hal_plugins/hgl_writer.so'...
[core] [info] loading plugin '/work/build/lib/hal_plugins/z3_utils.so'...
[core] [info] loading plugin '/work/build/lib/hal_plugins/verilator.so'...
[core] [info] loading plugin '/work/build/lib/hal_plugins/clock_tree_extractor.so'...
[core] [info] loading plugin '/work/build/lib/hal_plugins/vhdl_parser.so'...
[core] [info] loading plugin '/work/build/lib/hal_plugins/dataflow.so'...
[core] [info] loading plugin '/work/build/lib/hal_plugins/liberty_parser.so'...
[core] [info] loading plugin '/work/build/lib/hal_plugins/verilog_writer.so'...
[core] [info] loading plugin '/work/build/lib/hal_plugins/module_identification.so'...
[core] [info] loading plugin '/work/build/lib/hal_plugins/gexf_writer.so'...
[core] [info] loading plugin '/work/build/lib/hal_plugins/verilog_parser.so'...
[core] [info] loading plugin '/work/build/lib/hal_plugins/netlist_preprocessing.so'...
[core] [info] loading plugin '/work/build/lib/hal_plugins/netlist_simulator.so'...
[core] [info] loading plugin '/work/build/lib/hal_plugins/sequential_symbolic_execution.so'...
[core] [info] loading plugin '/work/build/lib/hal_plugins/solve_fsm.so'...
[core] [info] loading plugin '/work/build/lib/hal_plugins/boolean_influence.so'...
[core] [info] loading plugin '/work/build/lib/hal_plugins/python_shell.so'...
[core] [info] loading plugin '/work/build/lib/hal_plugins/netlist_simulator_controller.so'...
[core] [info] loading plugin '/work/build/lib/hal_plugins/example_analysis.so'...
[core] [info] loading plugin '/work/build/lib/hal_plugins/resynthesis.so'...
[core] [info] loading plugin '/work/build/lib/hal_plugins/libtest_plugin.so'...
[core] [info] loading plugin '/work/build/lib/hal_plugins/hawkeye.so'...
[core] [info] loading plugin '/work/build/lib/hal_plugins/xilinx_toolbox.so'...
[core] [info] loading plugin '/work/build/lib/hal_plugins/perf_test.so'...
[core] [info] loading plugin '/work/build/lib/hal_plugins/genlib_writer.so'...
[gate_library_parser] [info] selected gate library parser 'Default HGL Parser'.
[gate_library_parser] [info] parsed gate library 'AGILEX_TENNM' from file '/work/plugins/gate_libraries/definitions/AGILEX_TENNM.hgl' in 0.00 seconds.
[netlist_parser] [info] selected parser: Default Verilog Parser
[netlist_parser] [info] parsing '/work/examples/agilex3_walkthroughs/05_lfsr_prng/netlist.hal.v'...
[netlist_parser] [info] finished parsing in 0.01 seconds.
[netlist_parser] [info] instantiating '/work/examples/agilex3_walkthroughs/05_lfsr_prng/netlist.hal.v' with gate library 'AGILEX_TENNM'...
[stdout] [warning] [/work/src/utilities/log.cpp:80] log channel 'gate' was not registered so far, creating default channel.
[stdout] [warning] [/work/src/utilities/log.cpp:80] log channel 'netlist' was not registered so far, creating default channel.
[netlist] [warning] [/work/src/netlist/netlist.cpp:906] failed to load locations of 35 gates.
[netlist_parser] [info] instantiated '/work/examples/agilex3_walkthroughs/05_lfsr_prng/netlist.hal.v' in 0.01 seconds.
netlist:      /work/examples/agilex3_walkthroughs/05_lfsr_prng/netlist.hal.v
gate library: /work/plugins/gate_libraries/definitions/AGILEX_TENNM.hgl
elaborated 17 ALM cells, 16 flip-flops checked, 0 refused
  [ok] hal_agilex refused no gate -- []
  [ok] netlist has 16 flip-flops -- found 16
  [ok] netlist has 17 ALM cells -- found 17
  [ok] no primitive outside the modelled coverage -- HAL_GND, HAL_VCC, tennm_ff, tennm_lcell_comb
  [ok] all flip-flops share one clock net
  [ok] all flip-flops share one enable net
  [ok] all flip-flops share one asynchronous clear net
  [ok] the asynchronous clear is a primary input -- rst_n
  [ok] every next-state function is affine over GF(2) (32 random probes each)
  [ok] exactly one flip-flop has a wide next-state function -- wide: [0], shift-like: 15
  [ok] the shift-like edges form one chain of 16 stages -- chain length 16
  [ok] the feedback taps are [15, 14, 12, 3] -- recovered [15, 14, 12, 3]
  [ok] the last stage is one of the taps
  [ok] every primary output is driven by the combinational layer -- not evaluable: []
  [ok] every primary output is one stage, optionally inverted
  [ok] all 16 stages are observable on a primary output -- observable: 16
  [ok] port-derived and chain-derived polarity agree -- chain 1000011100110101 vs ports 1000011100110101
  [ok] the recovered reset seed is 0xACE1 -- recovered 0xACE1
  [ok] in the de-inverted domain the next-state map has no constant term
  [ok] the recovered LFSR has period 65535 (2^16-1) -- period 65535
  [ok] all 65535 states of the cycle are distinct -- 65535 distinct states
  [ok] the all-zero state is not on the cycle
  [ok] gate-level simulation matches the recovered model for 128 cycles

  recovered: 16-stage Fibonacci LFSR, taps [15, 14, 12, 3] -> x^16 + x^15 + x^13 + x^4 + 1,
             seed 0xACE1, period 65535, stored-inverted stages [0, 5, 6, 7, 10, 11, 13, 15]
  wrote /work/examples/agilex3_walkthroughs/05_lfsr_prng/artifacts/next_state_functions.txt
  wrote /work/examples/agilex3_walkthroughs/05_lfsr_prng/artifacts/transition_matrix.txt
  wrote /work/examples/agilex3_walkthroughs/05_lfsr_prng/artifacts/state_trace.txt
  wrote /work/examples/agilex3_walkthroughs/05_lfsr_prng/artifacts/recovered_lfsr.dot
  wrote /work/examples/agilex3_walkthroughs/05_lfsr_prng/artifacts/lfsr.findings.json

23 checks, 0 failed
== 9. render the recovered structure
== 10. does the reconstruction behave like the netlist?
== 11. one HTML page over every finding
[hal_viz] wrote /work/examples/agilex3_walkthroughs/05_lfsr_prng/artifacts/findings_report.html (12 finding(s) from 4 document(s), 2 diagram(s) embedded, 1 missing artifact(s))
/work/examples/agilex3_walkthroughs/05_lfsr_prng/artifacts/findings_report.html
done
